// Jest Snapshot v1, https://goo.gl/fbAQLP

exports[`should render fine 1`] = `
<p>
  Loading product...
</p>
`;
